---
source: crates/oxc_linter/src/tester.rs
---
  ⚠ eslint(no-warning-comments): Unexpected use of `with` statement.
   ╭─[no_warning_comments.tsx:1:1]
 1 │ ///// TODO decorated single-line comment with decoration array
   · ──────────────────────────────────────────────────────────────
 2 │              /////
   ╰────
  help: Do not use the `with` statement.
