---
source: crates/oxc_linter/src/tester.rs
---
  ⚠ eslint(no-warning-comments): Unexpected use of `with` statement.
   ╭─[no_warning_comments.tsx:1:1]
 1 │ // fixme
   · ────────
   ╰────
  help: Do not use the `with` statement.

  ⚠ eslint(no-warning-comments): Unexpected use of `with` statement.
   ╭─[no_warning_comments.tsx:1:1]
 1 │ // any fixme
   · ────────────
   ╰────
  help: Do not use the `with` statement.

  ⚠ eslint(no-warning-comments): Unexpected use of `with` statement.
   ╭─[no_warning_comments.tsx:1:1]
 1 │ // any fixme
   · ────────────
   ╰────
  help: Do not use the `with` statement.

  ⚠ eslint(no-warning-comments): Unexpected use of `with` statement.
   ╭─[no_warning_comments.tsx:1:1]
 1 │ // any FIXME
   · ────────────
   ╰────
  help: Do not use the `with` statement.

  ⚠ eslint(no-warning-comments): Unexpected use of `with` statement.
   ╭─[no_warning_comments.tsx:1:1]
 1 │ // any fIxMe
   · ────────────
   ╰────
  help: Do not use the `with` statement.

  ⚠ eslint(no-warning-comments): Unexpected use of `with` statement.
   ╭─[no_warning_comments.tsx:1:1]
 1 │ /* any fixme */
   · ───────────────
   ╰────
  help: Do not use the `with` statement.

  ⚠ eslint(no-warning-comments): Unexpected use of `with` statement.
   ╭─[no_warning_comments.tsx:1:1]
 1 │ /* any FIXME */
   · ───────────────
   ╰────
  help: Do not use the `with` statement.

  ⚠ eslint(no-warning-comments): Unexpected use of `with` statement.
   ╭─[no_warning_comments.tsx:1:1]
 1 │ /* any fIxMe */
   · ───────────────
   ╰────
  help: Do not use the `with` statement.

  ⚠ eslint(no-warning-comments): Unexpected use of `with` statement.
   ╭─[no_warning_comments.tsx:1:1]
 1 │ // any fixme or todo
   · ────────────────────
   ╰────
  help: Do not use the `with` statement.

  ⚠ eslint(no-warning-comments): Unexpected use of `with` statement.
   ╭─[no_warning_comments.tsx:1:1]
 1 │ // any fixme or todo
   · ────────────────────
   ╰────
  help: Do not use the `with` statement.

  ⚠ eslint(no-warning-comments): Unexpected use of `with` statement.
   ╭─[no_warning_comments.tsx:1:1]
 1 │ /* any fixme or todo */
   · ───────────────────────
   ╰────
  help: Do not use the `with` statement.

  ⚠ eslint(no-warning-comments): Unexpected use of `with` statement.
   ╭─[no_warning_comments.tsx:1:1]
 1 │ /* any fixme or todo */
   · ───────────────────────
   ╰────
  help: Do not use the `with` statement.

  ⚠ eslint(no-warning-comments): Unexpected use of `with` statement.
   ╭─[no_warning_comments.tsx:1:1]
 1 │ /* any fixme or todo */
   · ───────────────────────
   ╰────
  help: Do not use the `with` statement.

  ⚠ eslint(no-warning-comments): Unexpected use of `with` statement.
   ╭─[no_warning_comments.tsx:1:1]
 1 │ /* any fixme or todo */
   · ───────────────────────
   ╰────
  help: Do not use the `with` statement.

  ⚠ eslint(no-warning-comments): Unexpected use of `with` statement.
   ╭─[no_warning_comments.tsx:1:1]
 1 │ /* fixme and todo */
   · ────────────────────
   ╰────
  help: Do not use the `with` statement.

  ⚠ eslint(no-warning-comments): Unexpected use of `with` statement.
   ╭─[no_warning_comments.tsx:1:1]
 1 │ /* fixme and todo */
   · ────────────────────
   ╰────
  help: Do not use the `with` statement.

  ⚠ eslint(no-warning-comments): Unexpected use of `with` statement.
   ╭─[no_warning_comments.tsx:1:1]
 1 │ /* fixme and todo */
   · ────────────────────
   ╰────
  help: Do not use the `with` statement.

  ⚠ eslint(no-warning-comments): Unexpected use of `with` statement.
   ╭─[no_warning_comments.tsx:1:1]
 1 │ /* any fixme */
   · ───────────────
   ╰────
  help: Do not use the `with` statement.

  ⚠ eslint(no-warning-comments): Unexpected use of `with` statement.
   ╭─[no_warning_comments.tsx:1:1]
 1 │ /* fixme! */
   · ────────────
   ╰────
  help: Do not use the `with` statement.

  ⚠ eslint(no-warning-comments): Unexpected use of `with` statement.
   ╭─[no_warning_comments.tsx:1:1]
 1 │ /* eslint one-var: 2 */
   · ───────────────────────
   ╰────
  help: Do not use the `with` statement.

  ⚠ eslint(no-warning-comments): Unexpected use of `with` statement.
   ╭─[no_warning_comments.tsx:1:1]
 1 │ /* eslint one-var: 2 */
   · ───────────────────────
   ╰────
  help: Do not use the `with` statement.

  ⚠ eslint(no-warning-comments): Unexpected use of `with` statement.
   ╭─[no_warning_comments.tsx:1:1]
 1 │ /* any block comment with TODO, FIXME or XXX */
   · ───────────────────────────────────────────────
   ╰────
  help: Do not use the `with` statement.

  ⚠ eslint(no-warning-comments): Unexpected use of `with` statement.
   ╭─[no_warning_comments.tsx:1:1]
 1 │ /* any block comment with TODO, FIXME or XXX */
   · ───────────────────────────────────────────────
   ╰────
  help: Do not use the `with` statement.

  ⚠ eslint(no-warning-comments): Unexpected use of `with` statement.
   ╭─[no_warning_comments.tsx:1:1]
 1 │ /* any block comment with TODO, FIXME or XXX */
   · ───────────────────────────────────────────────
   ╰────
  help: Do not use the `with` statement.

  ⚠ eslint(no-warning-comments): Unexpected use of `with` statement.
   ╭─[no_warning_comments.tsx:1:1]
 1 │ /* any block comment with (TODO, FIXME's or XXX!) */
   · ────────────────────────────────────────────────────
   ╰────
  help: Do not use the `with` statement.

  ⚠ eslint(no-warning-comments): Unexpected use of `with` statement.
   ╭─[no_warning_comments.tsx:1:1]
 1 │ /* any block comment with (TODO, FIXME's or XXX!) */
   · ────────────────────────────────────────────────────
   ╰────
  help: Do not use the `with` statement.

  ⚠ eslint(no-warning-comments): Unexpected use of `with` statement.
   ╭─[no_warning_comments.tsx:1:1]
 1 │ /* any block comment with (TODO, FIXME's or XXX!) */
   · ────────────────────────────────────────────────────
   ╰────
  help: Do not use the `with` statement.

  ⚠ eslint(no-warning-comments): Unexpected use of `with` statement.
   ╭─[no_warning_comments.tsx:1:1]
 1 │ ╭─▶ /**
 2 │ │                *any block comment
 3 │ ╰─▶             *with (TODO, FIXME's or XXX!) **/
   ╰────
  help: Do not use the `with` statement.

  ⚠ eslint(no-warning-comments): Unexpected use of `with` statement.
   ╭─[no_warning_comments.tsx:1:1]
 1 │ ╭─▶ /**
 2 │ │                *any block comment
 3 │ ╰─▶             *with (TODO, FIXME's or XXX!) **/
   ╰────
  help: Do not use the `with` statement.

  ⚠ eslint(no-warning-comments): Unexpected use of `with` statement.
   ╭─[no_warning_comments.tsx:1:1]
 1 │ ╭─▶ /**
 2 │ │                *any block comment
 3 │ ╰─▶             *with (TODO, FIXME's or XXX!) **/
   ╰────
  help: Do not use the `with` statement.

  ⚠ eslint(no-warning-comments): Unexpected use of `with` statement.
   ╭─[no_warning_comments.tsx:1:1]
 1 │ // any comment with TODO, FIXME or XXX
   · ──────────────────────────────────────
   ╰────
  help: Do not use the `with` statement.

  ⚠ eslint(no-warning-comments): Unexpected use of `with` statement.
   ╭─[no_warning_comments.tsx:1:1]
 1 │ // any comment with TODO, FIXME or XXX
   · ──────────────────────────────────────
   ╰────
  help: Do not use the `with` statement.

  ⚠ eslint(no-warning-comments): Unexpected use of `with` statement.
   ╭─[no_warning_comments.tsx:1:1]
 1 │ // any comment with TODO, FIXME or XXX
   · ──────────────────────────────────────
   ╰────
  help: Do not use the `with` statement.

  ⚠ eslint(no-warning-comments): Unexpected use of `with` statement.
   ╭─[no_warning_comments.tsx:1:1]
 1 │ // TODO: something small
   · ────────────────────────
   ╰────
  help: Do not use the `with` statement.

  ⚠ eslint(no-warning-comments): Unexpected use of `with` statement.
   ╭─[no_warning_comments.tsx:1:1]
 1 │ // TODO: something really longer than 40 characters
   · ───────────────────────────────────────────────────
   ╰────
  help: Do not use the `with` statement.

  ⚠ eslint(no-warning-comments): Unexpected use of `with` statement.
   ╭─[no_warning_comments.tsx:1:1]
 1 │ ╭─▶ /* TODO: something
 2 │ │                really longer than 40 characters
 3 │ ╰─▶              and also a new line */
   ╰────
  help: Do not use the `with` statement.

  ⚠ eslint(no-warning-comments): Unexpected use of `with` statement.
   ╭─[no_warning_comments.tsx:1:1]
 1 │ // TODO: small
   · ──────────────
   ╰────
  help: Do not use the `with` statement.

  ⚠ eslint(no-warning-comments): Unexpected use of `with` statement.
   ╭─[no_warning_comments.tsx:1:1]
 1 │ // https://github.com/eslint/eslint/pull/13522#discussion_r470293411 TODO
   · ─────────────────────────────────────────────────────────────────────────
   ╰────
  help: Do not use the `with` statement.

  ⚠ eslint(no-warning-comments): Unexpected use of `with` statement.
   ╭─[no_warning_comments.tsx:1:1]
 1 │ // Comment ending with term followed by punctuation TODO!
   · ─────────────────────────────────────────────────────────
   ╰────
  help: Do not use the `with` statement.
